// Jest Snapshot v1, https://goo.gl/fbAQLP

exports[`App should match snapshot when all data is passed correctly 1`] = `
<div
  className="App"
>
  <Login
    loginDisplay={true}
    toggleLogin={[Function]}
  />
  <div
    className="Header-container"
  >
    <Header />
  </div>
  <div />
  <div
    className="Inventory-container"
  >
    <Inventory
      allInventory={Array []}
      changeCart={[Function]}
    />
  </div>
  <div
    className="Totals-container"
  >
    <Totals
      cartItems={Array []}
      cartMenu={Array []}
      changeCart={[Function]}
    />
  </div>
  <div
    className="Footer-container"
  >
    <Footer />
  </div>
</div>
`;
